
> stub@1.0.0 test /home/cwang/comp431-backend
> mocha --opts mocha.opts src/**/*.spec.js "xunit"


[0m[0m
[31m  1) Uncaught error outside test suite[0m

[92m [0m[32m 0 passing[0m[90m (6ms)[0m
[31m  1 failing[0m

[0m  1)  Uncaught error outside test suite:
[0m[31m     Uncaught Error: listen EADDRINUSE :::3000[0m[90m
      at Object.exports._errnoException (util.js:1022:11)
      at exports._exceptionWithHostPort (util.js:1045:20)
      at Server._listen2 (net.js:1259:14)
      at listen (net.js:1295:10)
      at Server.listen (net.js:1391:5)
      at EventEmitter.listen (node_modules/express/lib/application.js:618:24)
      at Object.<anonymous> (index.js:72:20)
      at require (internal/module.js:20:19)
      at Object.<anonymous> (src/articles.spec.js:6:15)
      at require (internal/module.js:20:19)
      at Array.forEach (native)
      at run (bootstrap_node.js:394:7)
      at startup (bootstrap_node.js:149:9)
      at bootstrap_node.js:509:3
[0m


